{"accountid":1,"href":"/users/1","id":1,"name":"mickey dolenz","email":"mickeyd@gmail.com","role":1}