{"accountid":1,"href":"/users/6","id":6,"name":"Brian Wilson","email":"goodvibrations@gmail.com","role":1}