{"AccountID":1,"ID":8,"Name":"Peter Green","EMail":"blackmagicwoman@gmail.com","Role":1}