{"AccountID":1,"ID":9,"Name":"Brian Wilson","EMail":"sloopjohnb@gmail.com","Role":1}