{"accountid":1,"href":"/users/6","id":6,"name":"BeachBoy Brian Wilson","email":"goodvibrations@gmail.com","role":1}