{"AccountID":1,"ID":10,"Name":"Frank Zappa","EMail":"apostrophe@gmail.com","Role":1}