AccountID:1  ID:1  Name:"mickey dolenz"  EMail:"mickeyd@gmail.com"  Role:UNRESTRICTED