{"AccountID":1,"ID":6,"Name":"Fleetwood Mac Peter Green","EMail":"blackmagicwoman@gmail.com","Role":1}