{"AccountID":1,"ID":6,"Name":"Peter Green","EMail":"blackmagicwoman@gmail.com","Role":1}